Simulator report for SymbolExpasion
Sat Jul 17 00:53:27 2010
Quartus II Version 7.2 Build 151 09/26/2007 SJ Full Version


---------------------
; Table of Contents ;
---------------------
  1. Legal Notice
  2. Simulator Summary
  3. Simulator Settings
  4. Simulation Waveforms
  5. Coverage Summary
  6. Complete 1/0-Value Coverage
  7. Missing 1-Value Coverage
  8. Missing 0-Value Coverage
  9. Simulator INI Usage
 10. Simulator Messages



----------------
; Legal Notice ;
----------------
Copyright (C) 1991-2007 Altera Corporation
Your use of Altera Corporation's design tools, logic functions 
and other software and tools, and its AMPP partner logic 
functions, and any output files from any of the foregoing 
(including device programming or simulation files), and any 
associated documentation or information are expressly subject 
to the terms and conditions of the Altera Program License 
Subscription Agreement, Altera MegaCore Function License 
Agreement, or other applicable license agreement, including, 
without limitation, that your use is for the sole purpose of 
programming logic devices manufactured by Altera and sold by 
Altera or its authorized distributors.  Please refer to the 
applicable agreement for further details.



+--------------------------------------------+
; Simulator Summary                          ;
+-----------------------------+--------------+
; Type                        ; Value        ;
+-----------------------------+--------------+
; Simulation Start Time       ; 0 ps         ;
; Simulation End Time         ; 1.0 us       ;
; Simulation Netlist Size     ; 48 nodes     ;
; Simulation Coverage         ;       0.00 % ;
; Total Number of Transitions ; 32           ;
; Simulation Breakpoints      ; 0            ;
; Family                      ; Cyclone      ;
; Device                      ; EP1C12Q240C8 ;
+-----------------------------+--------------+


+-------------------------------------------------------------------------------------------------------------------------+
; Simulator Settings                                                                                                      ;
+--------------------------------------------------------------------------------------------+------------+---------------+
; Option                                                                                     ; Setting    ; Default Value ;
+--------------------------------------------------------------------------------------------+------------+---------------+
; Simulation mode                                                                            ; Timing     ; Timing        ;
; Start time                                                                                 ; 0 ns       ; 0 ns          ;
; Simulation results format                                                                  ; CVWF       ;               ;
; Add pins automatically to simulation output waveforms                                      ; On         ; On            ;
; Check outputs                                                                              ; Off        ; Off           ;
; Report simulation coverage                                                                 ; On         ; On            ;
; Display complete 1/0 value coverage report                                                 ; On         ; On            ;
; Display missing 1-value coverage report                                                    ; On         ; On            ;
; Display missing 0-value coverage report                                                    ; On         ; On            ;
; Detect setup and hold time violations                                                      ; Off        ; Off           ;
; Detect glitches                                                                            ; Off        ; Off           ;
; Disable timing delays in Timing Simulation                                                 ; Off        ; Off           ;
; Generate Signal Activity File                                                              ; Off        ; Off           ;
; Generate VCD File for PowerPlay Power Analyzer                                             ; Off        ; Off           ;
; Group bus channels in simulation results                                                   ; Off        ; Off           ;
; Preserve fewer signal transitions to reduce memory requirements                            ; On         ; On            ;
; Trigger vector comparison with the specified mode                                          ; INPUT_EDGE ; INPUT_EDGE    ;
; Disable setup and hold time violations detection in input registers of bi-directional pins ; Off        ; Off           ;
; Overwrite Waveform Inputs With Simulation Outputs                                          ; Off        ;               ;
; Perform Glitch Filtering in Timing Simulation                                              ; Auto       ; Auto          ;
+--------------------------------------------------------------------------------------------+------------+---------------+


+----------------------+
; Simulation Waveforms ;
+----------------------+
Waveform report data cannot be output to ASCII.
Please use Quartus II to view the waveform report data.


+--------------------------------------------------------------------+
; Coverage Summary                                                   ;
+-----------------------------------------------------+--------------+
; Type                                                ; Value        ;
+-----------------------------------------------------+--------------+
; Total coverage as a percentage                      ;       0.00 % ;
; Total nodes checked                                 ; 48           ;
; Total output ports checked                          ; 48           ;
; Total output ports with complete 1/0-value coverage ; 0            ;
; Total output ports with no 1/0-value coverage       ; 16           ;
; Total output ports with no 1-value coverage         ; 16           ;
; Total output ports with no 0-value coverage         ; 48           ;
+-----------------------------------------------------+--------------+


The following table displays output ports that toggle between 1 and 0 during simulation.
+-------------------------------------------------+
; Complete 1/0-Value Coverage                     ;
+-----------+------------------+------------------+
; Node Name ; Output Port Name ; Output Port Type ;
+-----------+------------------+------------------+


The following table displays output ports that do not toggle to 1 during simulation.
+------------------------------------------------------------------------------------+
; Missing 1-Value Coverage                                                           ;
+------------------------------+----------------------------------+------------------+
; Node Name                    ; Output Port Name                 ; Output Port Type ;
+------------------------------+----------------------------------+------------------+
; |SymbolExpasion|ExtImm32[0]  ; |SymbolExpasion|ExtImm32[0]      ; padio            ;
; |SymbolExpasion|ExtImm32[1]  ; |SymbolExpasion|ExtImm32[1]      ; padio            ;
; |SymbolExpasion|ExtImm32[2]  ; |SymbolExpasion|ExtImm32[2]      ; padio            ;
; |SymbolExpasion|ExtImm32[3]  ; |SymbolExpasion|ExtImm32[3]      ; padio            ;
; |SymbolExpasion|ExtImm32[4]  ; |SymbolExpasion|ExtImm32[4]      ; padio            ;
; |SymbolExpasion|ExtImm32[11] ; |SymbolExpasion|ExtImm32[11]     ; padio            ;
; |SymbolExpasion|ExtImm32[13] ; |SymbolExpasion|ExtImm32[13]     ; padio            ;
; |SymbolExpasion|ExtImm32[14] ; |SymbolExpasion|ExtImm32[14]     ; padio            ;
; |SymbolExpasion|Imm16[0]     ; |SymbolExpasion|Imm16[0]~corein  ; combout          ;
; |SymbolExpasion|Imm16[1]     ; |SymbolExpasion|Imm16[1]~corein  ; combout          ;
; |SymbolExpasion|Imm16[2]     ; |SymbolExpasion|Imm16[2]~corein  ; combout          ;
; |SymbolExpasion|Imm16[3]     ; |SymbolExpasion|Imm16[3]~corein  ; combout          ;
; |SymbolExpasion|Imm16[4]     ; |SymbolExpasion|Imm16[4]~corein  ; combout          ;
; |SymbolExpasion|Imm16[11]    ; |SymbolExpasion|Imm16[11]~corein ; combout          ;
; |SymbolExpasion|Imm16[13]    ; |SymbolExpasion|Imm16[13]~corein ; combout          ;
; |SymbolExpasion|Imm16[14]    ; |SymbolExpasion|Imm16[14]~corein ; combout          ;
+------------------------------+----------------------------------+------------------+


The following table displays output ports that do not toggle to 0 during simulation.
+------------------------------------------------------------------------------------+
; Missing 0-Value Coverage                                                           ;
+------------------------------+----------------------------------+------------------+
; Node Name                    ; Output Port Name                 ; Output Port Type ;
+------------------------------+----------------------------------+------------------+
; |SymbolExpasion|ExtImm32[0]  ; |SymbolExpasion|ExtImm32[0]      ; padio            ;
; |SymbolExpasion|ExtImm32[1]  ; |SymbolExpasion|ExtImm32[1]      ; padio            ;
; |SymbolExpasion|ExtImm32[2]  ; |SymbolExpasion|ExtImm32[2]      ; padio            ;
; |SymbolExpasion|ExtImm32[3]  ; |SymbolExpasion|ExtImm32[3]      ; padio            ;
; |SymbolExpasion|ExtImm32[4]  ; |SymbolExpasion|ExtImm32[4]      ; padio            ;
; |SymbolExpasion|ExtImm32[5]  ; |SymbolExpasion|ExtImm32[5]      ; padio            ;
; |SymbolExpasion|ExtImm32[6]  ; |SymbolExpasion|ExtImm32[6]      ; padio            ;
; |SymbolExpasion|ExtImm32[7]  ; |SymbolExpasion|ExtImm32[7]      ; padio            ;
; |SymbolExpasion|ExtImm32[8]  ; |SymbolExpasion|ExtImm32[8]      ; padio            ;
; |SymbolExpasion|ExtImm32[9]  ; |SymbolExpasion|ExtImm32[9]      ; padio            ;
; |SymbolExpasion|ExtImm32[10] ; |SymbolExpasion|ExtImm32[10]     ; padio            ;
; |SymbolExpasion|ExtImm32[11] ; |SymbolExpasion|ExtImm32[11]     ; padio            ;
; |SymbolExpasion|ExtImm32[12] ; |SymbolExpasion|ExtImm32[12]     ; padio            ;
; |SymbolExpasion|ExtImm32[13] ; |SymbolExpasion|ExtImm32[13]     ; padio            ;
; |SymbolExpasion|ExtImm32[14] ; |SymbolExpasion|ExtImm32[14]     ; padio            ;
; |SymbolExpasion|ExtImm32[15] ; |SymbolExpasion|ExtImm32[15]     ; padio            ;
; |SymbolExpasion|ExtImm32[16] ; |SymbolExpasion|ExtImm32[16]     ; padio            ;
; |SymbolExpasion|ExtImm32[17] ; |SymbolExpasion|ExtImm32[17]     ; padio            ;
; |SymbolExpasion|ExtImm32[18] ; |SymbolExpasion|ExtImm32[18]     ; padio            ;
; |SymbolExpasion|ExtImm32[19] ; |SymbolExpasion|ExtImm32[19]     ; padio            ;
; |SymbolExpasion|ExtImm32[20] ; |SymbolExpasion|ExtImm32[20]     ; padio            ;
; |SymbolExpasion|ExtImm32[21] ; |SymbolExpasion|ExtImm32[21]     ; padio            ;
; |SymbolExpasion|ExtImm32[22] ; |SymbolExpasion|ExtImm32[22]     ; padio            ;
; |SymbolExpasion|ExtImm32[23] ; |SymbolExpasion|ExtImm32[23]     ; padio            ;
; |SymbolExpasion|ExtImm32[24] ; |SymbolExpasion|ExtImm32[24]     ; padio            ;
; |SymbolExpasion|ExtImm32[25] ; |SymbolExpasion|ExtImm32[25]     ; padio            ;
; |SymbolExpasion|ExtImm32[26] ; |SymbolExpasion|ExtImm32[26]     ; padio            ;
; |SymbolExpasion|ExtImm32[27] ; |SymbolExpasion|ExtImm32[27]     ; padio            ;
; |SymbolExpasion|ExtImm32[28] ; |SymbolExpasion|ExtImm32[28]     ; padio            ;
; |SymbolExpasion|ExtImm32[29] ; |SymbolExpasion|ExtImm32[29]     ; padio            ;
; |SymbolExpasion|ExtImm32[30] ; |SymbolExpasion|ExtImm32[30]     ; padio            ;
; |SymbolExpasion|ExtImm32[31] ; |SymbolExpasion|ExtImm32[31]     ; padio            ;
; |SymbolExpasion|Imm16[0]     ; |SymbolExpasion|Imm16[0]~corein  ; combout          ;
; |SymbolExpasion|Imm16[1]     ; |SymbolExpasion|Imm16[1]~corein  ; combout          ;
; |SymbolExpasion|Imm16[2]     ; |SymbolExpasion|Imm16[2]~corein  ; combout          ;
; |SymbolExpasion|Imm16[3]     ; |SymbolExpasion|Imm16[3]~corein  ; combout          ;
; |SymbolExpasion|Imm16[4]     ; |SymbolExpasion|Imm16[4]~corein  ; combout          ;
; |SymbolExpasion|Imm16[5]     ; |SymbolExpasion|Imm16[5]~corein  ; combout          ;
; |SymbolExpasion|Imm16[6]     ; |SymbolExpasion|Imm16[6]~corein  ; combout          ;
; |SymbolExpasion|Imm16[7]     ; |SymbolExpasion|Imm16[7]~corein  ; combout          ;
; |SymbolExpasion|Imm16[8]     ; |SymbolExpasion|Imm16[8]~corein  ; combout          ;
; |SymbolExpasion|Imm16[9]     ; |SymbolExpasion|Imm16[9]~corein  ; combout          ;
; |SymbolExpasion|Imm16[10]    ; |SymbolExpasion|Imm16[10]~corein ; combout          ;
; |SymbolExpasion|Imm16[11]    ; |SymbolExpasion|Imm16[11]~corein ; combout          ;
; |SymbolExpasion|Imm16[12]    ; |SymbolExpasion|Imm16[12]~corein ; combout          ;
; |SymbolExpasion|Imm16[13]    ; |SymbolExpasion|Imm16[13]~corein ; combout          ;
; |SymbolExpasion|Imm16[14]    ; |SymbolExpasion|Imm16[14]~corein ; combout          ;
; |SymbolExpasion|Imm16[15]    ; |SymbolExpasion|Imm16[15]~corein ; combout          ;
+------------------------------+----------------------------------+------------------+


+---------------------+
; Simulator INI Usage ;
+--------+------------+
; Option ; Usage      ;
+--------+------------+


+--------------------+
; Simulator Messages ;
+--------------------+
Info: *******************************************************************
Info: Running Quartus II Simulator
    Info: Version 7.2 Build 151 09/26/2007 SJ Full Version
    Info: Processing started: Sat Jul 17 00:53:27 2010
Info: Command: quartus_sim --read_settings_files=on --write_settings_files=off SymbolExpasion -c SymbolExpasion
Info: Using vector source file "D:/±à³Ì/verilog HDL/cpu/new/SymbolExpasion/SymbolExpasion.vwf"
Info: Option to preserve fewer signal transitions to reduce memory requirements is enabled
    Info: Simulation has been partitioned into sub-simulations according to the maximum transition count determined by the engine. Transitions from memory will be flushed out to disk at the end of each sub-simulation to reduce memory requirements.
Info: Simulation partitioned into 1 sub-simulations
Info: Simulation coverage is       0.00 %
Info: Number of transitions in simulation is 32
Info: Quartus II Simulator was successful. 0 errors, 0 warnings
    Info: Allocated 130 megabytes of memory during processing
    Info: Processing ended: Sat Jul 17 00:53:27 2010
    Info: Elapsed time: 00:00:00


